
==========================================================================
Post synthesis report_tns
--------------------------------------------------------------------------
tns max 0.00

==========================================================================
Post synthesis report_wns
--------------------------------------------------------------------------
wns max 0.00

==========================================================================
Post synthesis report_worst_slack
--------------------------------------------------------------------------
worst slack max 56.59

==========================================================================
Post synthesis report_clock_min_period
--------------------------------------------------------------------------
clk period_min = 943.41 fmax = 1059.99

==========================================================================
Post synthesis report_checks -path_delay min
--------------------------------------------------------------------------
Startpoint: ub_inst.value_old_in_1[0]$_SDFFCE_PP0P_
            (rising edge-triggered flip-flop clocked by clk)
Endpoint: ub_inst.value_old_in_1[0]$_SDFFCE_PP0P_
          (rising edge-triggered flip-flop clocked by clk)
Path Group: clk
Path Type: min

Fanout     Cap    Slew   Delay    Time   Description
-----------------------------------------------------------------------------
                  0.00    0.00    0.00   clock clk (rise edge)
                          0.00    0.00   clock network delay (ideal)
                  0.00    0.00    0.00 ^ ub_inst.value_old_in_1[0]$_SDFFCE_PP0P_/CLK (DFFHQNx1_ASAP7_75t_R)
     2    1.37   16.89   35.20   35.20 ^ ub_inst.value_old_in_1[0]$_SDFFCE_PP0P_/QN (DFFHQNx1_ASAP7_75t_R)
                                         _000626_ (net)
                 16.89    0.00   35.20 ^ _160199_/A1 (OAI22x1_ASAP7_75t_R)
     1    0.55    6.28    7.69   42.90 v _160199_/Y (OAI22x1_ASAP7_75t_R)
                                         _019214_ (net)
                  6.28    0.00   42.90 v ub_inst.value_old_in_1[0]$_SDFFCE_PP0P_/D (DFFHQNx1_ASAP7_75t_R)
                                 42.90   data arrival time

                  0.00    0.00    0.00   clock clk (rise edge)
                          0.00    0.00   clock network delay (ideal)
                          0.00    0.00   clock reconvergence pessimism
                                  0.00 ^ ub_inst.value_old_in_1[0]$_SDFFCE_PP0P_/CLK (DFFHQNx1_ASAP7_75t_R)
                          8.62    8.62   library hold time
                                  8.62   data required time
-----------------------------------------------------------------------------
                                  8.62   data required time
                                -42.90   data arrival time
-----------------------------------------------------------------------------
                                 34.27   slack (MET)



==========================================================================
Post synthesis report_checks -path_delay max
--------------------------------------------------------------------------
Startpoint: systolic_inst.pe21.pe_psum_out[8]$_SDFFCE_PN0P_
            (rising edge-triggered flip-flop clocked by clk)
Endpoint: ub_inst.gradient_descent_inst_0.value_updated_out[10]$_DFF_PP0_
          (rising edge-triggered flip-flop clocked by clk)
Path Group: clk
Path Type: max

Fanout     Cap    Slew   Delay    Time   Description
-----------------------------------------------------------------------------
                  0.00    0.00    0.00   clock clk (rise edge)
                          0.00    0.00   clock network delay (ideal)
                  0.00    0.00    0.00 ^ systolic_inst.pe21.pe_psum_out[8]$_SDFFCE_PN0P_/CLK (DFFHQNx1_ASAP7_75t_R)
     1    0.68   12.36   32.01   32.01 ^ systolic_inst.pe21.pe_psum_out[8]$_SDFFCE_PN0P_/QN (DFFHQNx1_ASAP7_75t_R)
                                         _000513_ (net)
                 12.36    0.00   32.01 ^ _091968_/A (INVx1_ASAP7_75t_R)
     4    1.75   11.57    9.24   41.25 v _091968_/Y (INVx1_ASAP7_75t_R)
                                         sys_data_out_21[8] (net)
                 11.57    0.00   41.25 v _091970_/A2 (OA21x2_ASAP7_75t_R)
     1    0.58    6.09   17.30   58.55 v _091970_/Y (OA21x2_ASAP7_75t_R)
                                         _025588_ (net)
                  6.09    0.00   58.55 v _091971_/A (BUFx2_ASAP7_75t_R)
    10    6.24   18.42   20.35   78.90 v _091971_/Y (BUFx2_ASAP7_75t_R)
                                         _025589_ (net)
                 18.42    0.00   78.90 v _092542_/A2 (AO21x1_ASAP7_75t_R)
     2    1.23    9.89   18.62   97.52 v _092542_/Y (AO21x1_ASAP7_75t_R)
                                         _025729_ (net)
                  9.89    0.00   97.52 v _092544_/A2 (OA21x2_ASAP7_75t_R)
     1    0.58    6.23   16.80  114.31 v _092544_/Y (OA21x2_ASAP7_75t_R)
                                         _025731_ (net)
                  6.23    0.00  114.31 v _092545_/A (BUFx2_ASAP7_75t_R)
     9    6.22   18.38   20.37  134.68 v _092545_/Y (BUFx2_ASAP7_75t_R)
                                         _025732_ (net)
                 18.38    0.00  134.68 v _092546_/B (NAND2x1_ASAP7_75t_R)
     1    1.38   18.24   12.13  146.82 ^ _092546_/Y (NAND2x1_ASAP7_75t_R)
                                         _025733_ (net)
                 18.24    0.00  146.82 ^ _092547_/B (OAI21x1_ASAP7_75t_R)
    10    6.98   37.75   23.09  169.91 v _092547_/Y (OAI21x1_ASAP7_75t_R)
                                         _025734_ (net)
                 37.75    0.00  169.91 v _092548_/A (BUFx2_ASAP7_75t_R)
    10    5.19   16.78   27.85  197.76 v _092548_/Y (BUFx2_ASAP7_75t_R)
                                         vpu_data_out_1[8] (net)
                 16.78    0.00  197.76 v _092645_/B (AND2x2_ASAP7_75t_R)
     1    2.24    9.30   18.98  216.74 v _092645_/Y (AND2x2_ASAP7_75t_R)
                                         _004133_ (net)
                  9.30    0.00  216.74 v _168530_/B (FAx1_ASAP7_75t_R)
     1    0.68   24.63   15.93  232.67 ^ _168530_/CON (FAx1_ASAP7_75t_R)
                                         _004135_ (net)
     1    0.68   19.35   11.49  244.16 v _168530_/SN (FAx1_ASAP7_75t_R)
                                         _004136_ (net)
                 19.35    0.00  244.16 v _104439_/A (INVx1_ASAP7_75t_R)
     1    1.65   14.85   12.02  256.19 ^ _104439_/Y (INVx1_ASAP7_75t_R)
                                         _004138_ (net)
                 14.85    0.00  256.19 ^ _168906_/CI (FAx1_ASAP7_75t_R)
     1    0.68   20.23   28.57  284.76 v _168906_/SN (FAx1_ASAP7_75t_R)
                                         _006419_ (net)
                 20.23    0.00  284.76 v _093858_/A (INVx1_ASAP7_75t_R)
     1    1.65   15.07   12.26  297.01 ^ _093858_/Y (INVx1_ASAP7_75t_R)
                                         _003757_ (net)
                 15.07    0.00  297.01 ^ _168473_/CI (FAx1_ASAP7_75t_R)
     1    0.68   20.20   28.64  325.65 v _168473_/SN (FAx1_ASAP7_75t_R)
                                         _003759_ (net)
                 20.20    0.00  325.65 v _113265_/A (INVx1_ASAP7_75t_R)
     1    0.93   11.33    9.55  335.20 ^ _113265_/Y (INVx1_ASAP7_75t_R)
                                         _003761_ (net)
                 11.33    0.00  335.20 ^ _170797_/B (HAxp5_ASAP7_75t_R)
     1    0.68   13.38   21.08  356.28 v _170797_/SN (HAxp5_ASAP7_75t_R)
                                         _015432_ (net)
                 13.38    0.00  356.28 v _112436_/A (INVx1_ASAP7_75t_R)
     1    2.24   16.49   11.96  368.24 ^ _112436_/Y (INVx1_ASAP7_75t_R)
                                         _011932_ (net)
                 16.49    0.00  368.24 ^ _169951_/B (FAx1_ASAP7_75t_R)
     1    0.68   20.19   28.81  397.05 v _169951_/SN (FAx1_ASAP7_75t_R)
                                         _011934_ (net)
                 20.19    0.00  397.05 v _095861_/A (INVx1_ASAP7_75t_R)
     1    2.24   18.06   14.11  411.15 ^ _095861_/Y (INVx1_ASAP7_75t_R)
                                         _011935_ (net)
                 18.06    0.00  411.15 ^ _170315_/B (FAx1_ASAP7_75t_R)
     1    0.68   20.26   29.26  440.42 v _170315_/SN (FAx1_ASAP7_75t_R)
                                         _013622_ (net)
                 20.26    0.00  440.42 v _112933_/A (INVx1_ASAP7_75t_R)
     1    0.93   11.34    9.56  449.98 ^ _112933_/Y (INVx1_ASAP7_75t_R)
                                         _013624_ (net)
                 11.34    0.00  449.98 ^ _170951_/B (HAxp5_ASAP7_75t_R)
     2    1.72   23.68   32.20  482.18 v _170951_/SN (HAxp5_ASAP7_75t_R)
                                         _015806_ (net)
                 23.68    0.00  482.18 v _090779_/B (AO21x1_ASAP7_75t_R)
     2    1.09    9.42   19.91  502.09 v _090779_/Y (AO21x1_ASAP7_75t_R)
                                         _025141_ (net)
                  9.42    0.00  502.09 v _090780_/A2 (AO21x1_ASAP7_75t_R)
     2    1.13    9.48   15.97  518.06 v _090780_/Y (AO21x1_ASAP7_75t_R)
                                         _025142_ (net)
                  9.48    0.00  518.06 v _090806_/E (OR5x1_ASAP7_75t_R)
     1    0.43    9.99   30.98  549.04 v _090806_/Y (OR5x1_ASAP7_75t_R)
                                         _025168_ (net)
                  9.99    0.00  549.04 v _090807_/B (OA211x2_ASAP7_75t_R)
     3    2.11   12.96   28.49  577.53 v _090807_/Y (OA211x2_ASAP7_75t_R)
                                         _025169_ (net)
                 12.96    0.00  577.53 v _090812_/A1 (OA211x2_ASAP7_75t_R)
     2    2.07   12.86   25.24  602.77 v _090812_/Y (OA211x2_ASAP7_75t_R)
                                         _025174_ (net)
                 12.86    0.00  602.77 v _090815_/A2 (OA31x2_ASAP7_75t_R)
     2    1.57   10.02   18.87  621.64 v _090815_/Y (OA31x2_ASAP7_75t_R)
                                         _025177_ (net)
                 10.02    0.00  621.64 v _090816_/A2 (OA21x2_ASAP7_75t_R)
     2    1.57    8.67   18.51  640.15 v _090816_/Y (OA21x2_ASAP7_75t_R)
                                         _025178_ (net)
                  8.67    0.00  640.15 v _090817_/A2 (OA21x2_ASAP7_75t_R)
     3    1.98    9.68   18.84  658.99 v _090817_/Y (OA21x2_ASAP7_75t_R)
                                         _025179_ (net)
                  9.68    0.00  658.99 v _119615_/A1 (AO22x1_ASAP7_75t_R)
     2    1.57   12.20   22.11  681.10 v _119615_/Y (AO22x1_ASAP7_75t_R)
                                         _046444_ (net)
                 12.20    0.00  681.10 v _119616_/B (XNOR2x2_ASAP7_75t_R)
     1    0.93    7.70   21.52  702.62 ^ _119616_/Y (XNOR2x2_ASAP7_75t_R)
                                         _018185_ (net)
                  7.70    0.00  702.62 ^ _171813_/B (HAxp5_ASAP7_75t_R)
     7    5.19   58.45   67.65  770.27 v _171813_/SN (HAxp5_ASAP7_75t_R)
                                         _018187_ (net)
                 58.45    0.00  770.27 v _156370_/B (OR3x1_ASAP7_75t_R)
     1    0.63    9.21   28.17  798.44 v _156370_/Y (OR3x1_ASAP7_75t_R)
                                         _079954_ (net)
                  9.21    0.00  798.44 v _156371_/B (OA21x2_ASAP7_75t_R)
     1    0.55    7.64   12.60  811.04 v _156371_/Y (OA21x2_ASAP7_75t_R)
                                         _079955_ (net)
                  7.64    0.00  811.04 v _156372_/B1 (OA31x2_ASAP7_75t_R)
     4    3.40   14.59   23.62  834.66 v _156372_/Y (OA31x2_ASAP7_75t_R)
                                         _079956_ (net)
                 14.59    0.00  834.66 v _156388_/A2 (AOI211x1_ASAP7_75t_R)
     1    0.63   15.63   10.61  845.27 ^ _156388_/Y (AOI211x1_ASAP7_75t_R)
                                         _079972_ (net)
                 15.63    0.00  845.27 ^ _156389_/B (AO21x1_ASAP7_75t_R)
     1    0.63    7.40   12.75  858.02 ^ _156389_/Y (AO21x1_ASAP7_75t_R)
                                         _079973_ (net)
                  7.40    0.00  858.02 ^ _156390_/B (AO21x1_ASAP7_75t_R)
     2    1.76   13.65   14.06  872.08 ^ _156390_/Y (AO21x1_ASAP7_75t_R)
                                         _079974_ (net)
                 13.65    0.00  872.08 ^ _156391_/B (NAND2x1_ASAP7_75t_R)
     3    3.33   19.90   13.01  885.09 v _156391_/Y (NAND2x1_ASAP7_75t_R)
                                         _079975_ (net)
                 19.90    0.00  885.09 v _156392_/A (BUFx2_ASAP7_75t_R)
    10   13.79   36.79   33.69  918.78 v _156392_/Y (BUFx2_ASAP7_75t_R)
                                         _079976_ (net)
                 36.79    0.00  918.78 v _156408_/B (OAI21x1_ASAP7_75t_R)
     1    0.62   15.71    9.18  927.96 ^ _156408_/Y (OAI21x1_ASAP7_75t_R)
                                         _022069_ (net)
                 15.71    0.00  927.96 ^ ub_inst.gradient_descent_inst_0.value_updated_out[10]$_DFF_PP0_/D (DFFASRHQNx1_ASAP7_75t_R)
                                927.96   data arrival time

                  0.00 1000.00 1000.00   clock clk (rise edge)
                          0.00 1000.00   clock network delay (ideal)
                          0.00 1000.00   clock reconvergence pessimism
                               1000.00 ^ ub_inst.gradient_descent_inst_0.value_updated_out[10]$_DFF_PP0_/CLK (DFFASRHQNx1_ASAP7_75t_R)
                        -15.44  984.56   library setup time
                                984.56   data required time
-----------------------------------------------------------------------------
                                984.56   data required time
                               -927.96   data arrival time
-----------------------------------------------------------------------------
                                 56.59   slack (MET)



==========================================================================
Post synthesis report_checks -unconstrained
--------------------------------------------------------------------------
Startpoint: systolic_inst.pe21.pe_psum_out[8]$_SDFFCE_PN0P_
            (rising edge-triggered flip-flop clocked by clk)
Endpoint: ub_inst.gradient_descent_inst_0.value_updated_out[10]$_DFF_PP0_
          (rising edge-triggered flip-flop clocked by clk)
Path Group: clk
Path Type: max

Fanout     Cap    Slew   Delay    Time   Description
-----------------------------------------------------------------------------
                  0.00    0.00    0.00   clock clk (rise edge)
                          0.00    0.00   clock network delay (ideal)
                  0.00    0.00    0.00 ^ systolic_inst.pe21.pe_psum_out[8]$_SDFFCE_PN0P_/CLK (DFFHQNx1_ASAP7_75t_R)
     1    0.68   12.36   32.01   32.01 ^ systolic_inst.pe21.pe_psum_out[8]$_SDFFCE_PN0P_/QN (DFFHQNx1_ASAP7_75t_R)
                                         _000513_ (net)
                 12.36    0.00   32.01 ^ _091968_/A (INVx1_ASAP7_75t_R)
     4    1.75   11.57    9.24   41.25 v _091968_/Y (INVx1_ASAP7_75t_R)
                                         sys_data_out_21[8] (net)
                 11.57    0.00   41.25 v _091970_/A2 (OA21x2_ASAP7_75t_R)
     1    0.58    6.09   17.30   58.55 v _091970_/Y (OA21x2_ASAP7_75t_R)
                                         _025588_ (net)
                  6.09    0.00   58.55 v _091971_/A (BUFx2_ASAP7_75t_R)
    10    6.24   18.42   20.35   78.90 v _091971_/Y (BUFx2_ASAP7_75t_R)
                                         _025589_ (net)
                 18.42    0.00   78.90 v _092542_/A2 (AO21x1_ASAP7_75t_R)
     2    1.23    9.89   18.62   97.52 v _092542_/Y (AO21x1_ASAP7_75t_R)
                                         _025729_ (net)
                  9.89    0.00   97.52 v _092544_/A2 (OA21x2_ASAP7_75t_R)
     1    0.58    6.23   16.80  114.31 v _092544_/Y (OA21x2_ASAP7_75t_R)
                                         _025731_ (net)
                  6.23    0.00  114.31 v _092545_/A (BUFx2_ASAP7_75t_R)
     9    6.22   18.38   20.37  134.68 v _092545_/Y (BUFx2_ASAP7_75t_R)
                                         _025732_ (net)
                 18.38    0.00  134.68 v _092546_/B (NAND2x1_ASAP7_75t_R)
     1    1.38   18.24   12.13  146.82 ^ _092546_/Y (NAND2x1_ASAP7_75t_R)
                                         _025733_ (net)
                 18.24    0.00  146.82 ^ _092547_/B (OAI21x1_ASAP7_75t_R)
    10    6.98   37.75   23.09  169.91 v _092547_/Y (OAI21x1_ASAP7_75t_R)
                                         _025734_ (net)
                 37.75    0.00  169.91 v _092548_/A (BUFx2_ASAP7_75t_R)
    10    5.19   16.78   27.85  197.76 v _092548_/Y (BUFx2_ASAP7_75t_R)
                                         vpu_data_out_1[8] (net)
                 16.78    0.00  197.76 v _092645_/B (AND2x2_ASAP7_75t_R)
     1    2.24    9.30   18.98  216.74 v _092645_/Y (AND2x2_ASAP7_75t_R)
                                         _004133_ (net)
                  9.30    0.00  216.74 v _168530_/B (FAx1_ASAP7_75t_R)
     1    0.68   24.63   15.93  232.67 ^ _168530_/CON (FAx1_ASAP7_75t_R)
                                         _004135_ (net)
     1    0.68   19.35   11.49  244.16 v _168530_/SN (FAx1_ASAP7_75t_R)
                                         _004136_ (net)
                 19.35    0.00  244.16 v _104439_/A (INVx1_ASAP7_75t_R)
     1    1.65   14.85   12.02  256.19 ^ _104439_/Y (INVx1_ASAP7_75t_R)
                                         _004138_ (net)
                 14.85    0.00  256.19 ^ _168906_/CI (FAx1_ASAP7_75t_R)
     1    0.68   20.23   28.57  284.76 v _168906_/SN (FAx1_ASAP7_75t_R)
                                         _006419_ (net)
                 20.23    0.00  284.76 v _093858_/A (INVx1_ASAP7_75t_R)
     1    1.65   15.07   12.26  297.01 ^ _093858_/Y (INVx1_ASAP7_75t_R)
                                         _003757_ (net)
                 15.07    0.00  297.01 ^ _168473_/CI (FAx1_ASAP7_75t_R)
     1    0.68   20.20   28.64  325.65 v _168473_/SN (FAx1_ASAP7_75t_R)
                                         _003759_ (net)
                 20.20    0.00  325.65 v _113265_/A (INVx1_ASAP7_75t_R)
     1    0.93   11.33    9.55  335.20 ^ _113265_/Y (INVx1_ASAP7_75t_R)
                                         _003761_ (net)
                 11.33    0.00  335.20 ^ _170797_/B (HAxp5_ASAP7_75t_R)
     1    0.68   13.38   21.08  356.28 v _170797_/SN (HAxp5_ASAP7_75t_R)
                                         _015432_ (net)
                 13.38    0.00  356.28 v _112436_/A (INVx1_ASAP7_75t_R)
     1    2.24   16.49   11.96  368.24 ^ _112436_/Y (INVx1_ASAP7_75t_R)
                                         _011932_ (net)
                 16.49    0.00  368.24 ^ _169951_/B (FAx1_ASAP7_75t_R)
     1    0.68   20.19   28.81  397.05 v _169951_/SN (FAx1_ASAP7_75t_R)
                                         _011934_ (net)
                 20.19    0.00  397.05 v _095861_/A (INVx1_ASAP7_75t_R)
     1    2.24   18.06   14.11  411.15 ^ _095861_/Y (INVx1_ASAP7_75t_R)
                                         _011935_ (net)
                 18.06    0.00  411.15 ^ _170315_/B (FAx1_ASAP7_75t_R)
     1    0.68   20.26   29.26  440.42 v _170315_/SN (FAx1_ASAP7_75t_R)
                                         _013622_ (net)
                 20.26    0.00  440.42 v _112933_/A (INVx1_ASAP7_75t_R)
     1    0.93   11.34    9.56  449.98 ^ _112933_/Y (INVx1_ASAP7_75t_R)
                                         _013624_ (net)
                 11.34    0.00  449.98 ^ _170951_/B (HAxp5_ASAP7_75t_R)
     2    1.72   23.68   32.20  482.18 v _170951_/SN (HAxp5_ASAP7_75t_R)
                                         _015806_ (net)
                 23.68    0.00  482.18 v _090779_/B (AO21x1_ASAP7_75t_R)
     2    1.09    9.42   19.91  502.09 v _090779_/Y (AO21x1_ASAP7_75t_R)
                                         _025141_ (net)
                  9.42    0.00  502.09 v _090780_/A2 (AO21x1_ASAP7_75t_R)
     2    1.13    9.48   15.97  518.06 v _090780_/Y (AO21x1_ASAP7_75t_R)
                                         _025142_ (net)
                  9.48    0.00  518.06 v _090806_/E (OR5x1_ASAP7_75t_R)
     1    0.43    9.99   30.98  549.04 v _090806_/Y (OR5x1_ASAP7_75t_R)
                                         _025168_ (net)
                  9.99    0.00  549.04 v _090807_/B (OA211x2_ASAP7_75t_R)
     3    2.11   12.96   28.49  577.53 v _090807_/Y (OA211x2_ASAP7_75t_R)
                                         _025169_ (net)
                 12.96    0.00  577.53 v _090812_/A1 (OA211x2_ASAP7_75t_R)
     2    2.07   12.86   25.24  602.77 v _090812_/Y (OA211x2_ASAP7_75t_R)
                                         _025174_ (net)
                 12.86    0.00  602.77 v _090815_/A2 (OA31x2_ASAP7_75t_R)
     2    1.57   10.02   18.87  621.64 v _090815_/Y (OA31x2_ASAP7_75t_R)
                                         _025177_ (net)
                 10.02    0.00  621.64 v _090816_/A2 (OA21x2_ASAP7_75t_R)
     2    1.57    8.67   18.51  640.15 v _090816_/Y (OA21x2_ASAP7_75t_R)
                                         _025178_ (net)
                  8.67    0.00  640.15 v _090817_/A2 (OA21x2_ASAP7_75t_R)
     3    1.98    9.68   18.84  658.99 v _090817_/Y (OA21x2_ASAP7_75t_R)
                                         _025179_ (net)
                  9.68    0.00  658.99 v _119615_/A1 (AO22x1_ASAP7_75t_R)
     2    1.57   12.20   22.11  681.10 v _119615_/Y (AO22x1_ASAP7_75t_R)
                                         _046444_ (net)
                 12.20    0.00  681.10 v _119616_/B (XNOR2x2_ASAP7_75t_R)
     1    0.93    7.70   21.52  702.62 ^ _119616_/Y (XNOR2x2_ASAP7_75t_R)
                                         _018185_ (net)
                  7.70    0.00  702.62 ^ _171813_/B (HAxp5_ASAP7_75t_R)
     7    5.19   58.45   67.65  770.27 v _171813_/SN (HAxp5_ASAP7_75t_R)
                                         _018187_ (net)
                 58.45    0.00  770.27 v _156370_/B (OR3x1_ASAP7_75t_R)
     1    0.63    9.21   28.17  798.44 v _156370_/Y (OR3x1_ASAP7_75t_R)
                                         _079954_ (net)
                  9.21    0.00  798.44 v _156371_/B (OA21x2_ASAP7_75t_R)
     1    0.55    7.64   12.60  811.04 v _156371_/Y (OA21x2_ASAP7_75t_R)
                                         _079955_ (net)
                  7.64    0.00  811.04 v _156372_/B1 (OA31x2_ASAP7_75t_R)
     4    3.40   14.59   23.62  834.66 v _156372_/Y (OA31x2_ASAP7_75t_R)
                                         _079956_ (net)
                 14.59    0.00  834.66 v _156388_/A2 (AOI211x1_ASAP7_75t_R)
     1    0.63   15.63   10.61  845.27 ^ _156388_/Y (AOI211x1_ASAP7_75t_R)
                                         _079972_ (net)
                 15.63    0.00  845.27 ^ _156389_/B (AO21x1_ASAP7_75t_R)
     1    0.63    7.40   12.75  858.02 ^ _156389_/Y (AO21x1_ASAP7_75t_R)
                                         _079973_ (net)
                  7.40    0.00  858.02 ^ _156390_/B (AO21x1_ASAP7_75t_R)
     2    1.76   13.65   14.06  872.08 ^ _156390_/Y (AO21x1_ASAP7_75t_R)
                                         _079974_ (net)
                 13.65    0.00  872.08 ^ _156391_/B (NAND2x1_ASAP7_75t_R)
     3    3.33   19.90   13.01  885.09 v _156391_/Y (NAND2x1_ASAP7_75t_R)
                                         _079975_ (net)
                 19.90    0.00  885.09 v _156392_/A (BUFx2_ASAP7_75t_R)
    10   13.79   36.79   33.69  918.78 v _156392_/Y (BUFx2_ASAP7_75t_R)
                                         _079976_ (net)
                 36.79    0.00  918.78 v _156408_/B (OAI21x1_ASAP7_75t_R)
     1    0.62   15.71    9.18  927.96 ^ _156408_/Y (OAI21x1_ASAP7_75t_R)
                                         _022069_ (net)
                 15.71    0.00  927.96 ^ ub_inst.gradient_descent_inst_0.value_updated_out[10]$_DFF_PP0_/D (DFFASRHQNx1_ASAP7_75t_R)
                                927.96   data arrival time

                  0.00 1000.00 1000.00   clock clk (rise edge)
                          0.00 1000.00   clock network delay (ideal)
                          0.00 1000.00   clock reconvergence pessimism
                               1000.00 ^ ub_inst.gradient_descent_inst_0.value_updated_out[10]$_DFF_PP0_/CLK (DFFASRHQNx1_ASAP7_75t_R)
                        -15.44  984.56   library setup time
                                984.56   data required time
-----------------------------------------------------------------------------
                                984.56   data required time
                               -927.96   data arrival time
-----------------------------------------------------------------------------
                                 56.59   slack (MET)



==========================================================================
Post synthesis report_power
--------------------------------------------------------------------------
Group                  Internal  Switching    Leakage      Total
                          Power      Power      Power      Power (Watts)
----------------------------------------------------------------
Sequential             6.77e-03   1.23e-03   3.33e-07   7.99e-03  13.7%
Combinational          2.68e-02   2.36e-02   6.91e-06   5.04e-02  86.3%
Clock                  0.00e+00   0.00e+00   0.00e+00   0.00e+00   0.0%
Macro                  0.00e+00   0.00e+00   0.00e+00   0.00e+00   0.0%
Pad                    0.00e+00   0.00e+00   0.00e+00   0.00e+00   0.0%
----------------------------------------------------------------
Total                  3.36e-02   2.49e-02   7.25e-06   5.84e-02 100.0%
                          57.4%      42.6%       0.0%
