
77. Printing statistics.

=== tpu ===

   Number of wires:              93573
   Number of wire bits:          93929
   Number of public wires:        2908
   Number of public wire bits:    3264
   Number of memories:               0
   Number of memory bits:            0
   Number of processes:              0
   Number of cells:              93781
     sky130_fd_sc_hd__a2111o_2     153
     sky130_fd_sc_hd__a2111oi_2      4
     sky130_fd_sc_hd__a211o_2     2164
     sky130_fd_sc_hd__a211oi_2     107
     sky130_fd_sc_hd__a21bo_2      486
     sky130_fd_sc_hd__a21boi_2      73
     sky130_fd_sc_hd__a21o_2      2309
     sky130_fd_sc_hd__a21oi_2      832
     sky130_fd_sc_hd__a221o_2     7850
     sky130_fd_sc_hd__a221oi_2      61
     sky130_fd_sc_hd__a22o_2      8755
     sky130_fd_sc_hd__a22oi_2      188
     sky130_fd_sc_hd__a2bb2o_2     130
     sky130_fd_sc_hd__a311o_2       13
     sky130_fd_sc_hd__a311oi_2       2
     sky130_fd_sc_hd__a31o_2       390
     sky130_fd_sc_hd__a31oi_2       26
     sky130_fd_sc_hd__a32o_2       142
     sky130_fd_sc_hd__a32oi_2        5
     sky130_fd_sc_hd__a41o_2        16
     sky130_fd_sc_hd__and2_2      1054
     sky130_fd_sc_hd__and2b_2      594
     sky130_fd_sc_hd__and3_2       865
     sky130_fd_sc_hd__and3b_2       54
     sky130_fd_sc_hd__and4_2       386
     sky130_fd_sc_hd__and4b_2       83
     sky130_fd_sc_hd__and4bb_2      33
     sky130_fd_sc_hd__buf_1      25391
     sky130_fd_sc_hd__buf_2          1
     sky130_fd_sc_hd__dfrtp_2     2944
     sky130_fd_sc_hd__dfxtp_2       96
     sky130_fd_sc_hd__inv_2       3504
     sky130_fd_sc_hd__mux2_2      8107
     sky130_fd_sc_hd__nand2_2     2680
     sky130_fd_sc_hd__nand2b_2       3
     sky130_fd_sc_hd__nand3_2      204
     sky130_fd_sc_hd__nand3b_2      15
     sky130_fd_sc_hd__nand4_2      157
     sky130_fd_sc_hd__nand4b_2       2
     sky130_fd_sc_hd__nor2_2      4894
     sky130_fd_sc_hd__nor2b_2        5
     sky130_fd_sc_hd__nor3_2       234
     sky130_fd_sc_hd__nor3b_2        7
     sky130_fd_sc_hd__nor4_2         8
     sky130_fd_sc_hd__o2111a_2      32
     sky130_fd_sc_hd__o2111ai_2      2
     sky130_fd_sc_hd__o211a_2      810
     sky130_fd_sc_hd__o211ai_2      57
     sky130_fd_sc_hd__o21a_2       873
     sky130_fd_sc_hd__o21ai_2      696
     sky130_fd_sc_hd__o21ba_2      157
     sky130_fd_sc_hd__o21bai_2     130
     sky130_fd_sc_hd__o221a_2     3812
     sky130_fd_sc_hd__o221ai_2       5
     sky130_fd_sc_hd__o22a_2      3453
     sky130_fd_sc_hd__o22ai_2       40
     sky130_fd_sc_hd__o2bb2a_2     236
     sky130_fd_sc_hd__o2bb2ai_2      5
     sky130_fd_sc_hd__o311a_2       48
     sky130_fd_sc_hd__o311ai_2       1
     sky130_fd_sc_hd__o31a_2        53
     sky130_fd_sc_hd__o31ai_2        9
     sky130_fd_sc_hd__o32a_2        33
     sky130_fd_sc_hd__o32ai_2        1
     sky130_fd_sc_hd__or2_2       1760
     sky130_fd_sc_hd__or2b_2       418
     sky130_fd_sc_hd__or3_2        327
     sky130_fd_sc_hd__or3b_2       131
     sky130_fd_sc_hd__or4_2       2329
     sky130_fd_sc_hd__or4b_2        55
     sky130_fd_sc_hd__or4bb_2       38
     sky130_fd_sc_hd__xnor2_2     2086
     sky130_fd_sc_hd__xor2_2      1157

   Chip area for module '\tpu': 804275.113601

