
==========================================================================
Post synthesis report_tns
--------------------------------------------------------------------------
tns max 0.00

==========================================================================
Post synthesis report_wns
--------------------------------------------------------------------------
wns max 0.00

==========================================================================
Post synthesis report_worst_slack
--------------------------------------------------------------------------
worst slack max 898.73

==========================================================================
Post synthesis report_clock_min_period
--------------------------------------------------------------------------
clk period_min = 530.27 fmax = 1885.85

==========================================================================
Post synthesis report_checks -path_delay min
--------------------------------------------------------------------------
Startpoint: u_ex.u_csr.core_interrupt_cause[1]$_SDFFCE_PP1P_
            (rising edge-triggered flip-flop clocked by clk)
Endpoint: u_ex.u_csr.core_interrupt_cause[1]$_SDFFCE_PP1P_
          (rising edge-triggered flip-flop clocked by clk)
Path Group: clk
Path Type: min

Fanout     Cap    Slew   Delay    Time   Description
-----------------------------------------------------------------------------
                  0.00    0.00    0.00   clock clk (rise edge)
                          0.00    0.00   clock network delay (ideal)
                  0.00    0.00    0.00 ^ u_ex.u_csr.core_interrupt_cause[1]$_SDFFCE_PP1P_/CLK (DFFHQNx1_ASAP7_75t_R)
     2    1.15   15.47   34.20   34.20 ^ u_ex.u_csr.core_interrupt_cause[1]$_SDFFCE_PP1P_/QN (DFFHQNx1_ASAP7_75t_R)
                                         _01212_ (net)
                 15.47    0.00   34.20 ^ _22268_/A (NAND2x1_ASAP7_75t_R)
     1    0.55    6.65    6.70   40.90 v _22268_/Y (NAND2x1_ASAP7_75t_R)
                                         _02949_ (net)
                  6.65    0.00   40.90 v u_ex.u_csr.core_interrupt_cause[1]$_SDFFCE_PP1P_/D (DFFHQNx1_ASAP7_75t_R)
                                 40.90   data arrival time

                  0.00    0.00    0.00   clock clk (rise edge)
                          0.00    0.00   clock network delay (ideal)
                          0.00    0.00   clock reconvergence pessimism
                                  0.00 ^ u_ex.u_csr.core_interrupt_cause[1]$_SDFFCE_PP1P_/CLK (DFFHQNx1_ASAP7_75t_R)
                          8.59    8.59   library hold time
                                  8.59   data required time
-----------------------------------------------------------------------------
                                  8.59   data required time
                                -40.90   data arrival time
-----------------------------------------------------------------------------
                                 32.31   slack (MET)



==========================================================================
Post synthesis report_checks -path_delay max
--------------------------------------------------------------------------
Startpoint: u_if.fetch[2]$_DFFE_PP_
            (rising edge-triggered flip-flop clocked by clk)
Endpoint: u_id.decode[50]$_DFFE_PP_
          (rising edge-triggered flip-flop clocked by clk)
Path Group: clk
Path Type: max

Fanout     Cap    Slew   Delay    Time   Description
-----------------------------------------------------------------------------
                  0.00    0.00    0.00   clock clk (rise edge)
                          0.00    0.00   clock network delay (ideal)
                  0.00    0.00    0.00 ^ u_if.fetch[2]$_DFFE_PP_/CLK (DFFHQNx1_ASAP7_75t_R)
     7    4.87   37.02   47.28   47.28 ^ u_if.fetch[2]$_DFFE_PP_/QN (DFFHQNx1_ASAP7_75t_R)
                                         _01551_ (net)
                 37.02    0.00   47.28 ^ _14192_/A (INVx1_ASAP7_75t_R)
     8    4.94   31.21   24.00   71.28 v _14192_/Y (INVx1_ASAP7_75t_R)
                                         _09052_ (net)
                 31.21    0.00   71.28 v _14197_/A (OR3x1_ASAP7_75t_R)
     4    2.89   19.42   31.53  102.80 v _14197_/Y (OR3x1_ASAP7_75t_R)
                                         _09057_ (net)
                 19.42    0.00  102.80 v _14198_/B (NOR2x1_ASAP7_75t_R)
     7    4.95   33.18   21.56  124.36 ^ _14198_/Y (NOR2x1_ASAP7_75t_R)
                                         _09058_ (net)
                 33.18    0.00  124.36 ^ _14240_/A (OR2x2_ASAP7_75t_R)
     1    0.58    6.24   20.17  144.53 ^ _14240_/Y (OR2x2_ASAP7_75t_R)
                                         _09069_ (net)
                  6.24    0.00  144.53 ^ _14241_/A (BUFx2_ASAP7_75t_R)
     9    6.29   21.52   20.34  164.87 ^ _14241_/Y (BUFx2_ASAP7_75t_R)
                                         _09070_ (net)
                 21.52    0.00  164.87 ^ _14284_/A (BUFx2_ASAP7_75t_R)
    10   11.04   35.57   30.90  195.77 ^ _14284_/Y (BUFx2_ASAP7_75t_R)
                                         _09094_ (net)
                 35.57    0.00  195.77 ^ _14288_/B (NOR2x1_ASAP7_75t_R)
     1    0.63   12.42   10.22  206.00 v _14288_/Y (NOR2x1_ASAP7_75t_R)
                                         _09097_ (net)
                 12.42    0.00  206.00 v _14289_/B (AO21x1_ASAP7_75t_R)
     1    1.01    8.74   17.50  223.49 v _14289_/Y (AO21x1_ASAP7_75t_R)
                                         u_id.base[10] (net)
                  8.74    0.00  223.49 v _25730_/B (HAxp5_ASAP7_75t_R)
     7    4.66   53.18   62.46  285.95 v _25730_/SN (HAxp5_ASAP7_75t_R)
                                         _02229_ (net)
                 53.18    0.00  285.95 v _18588_/A2 (OA21x2_ASAP7_75t_R)
     1    0.65    7.69   26.78  312.73 v _18588_/Y (OA21x2_ASAP7_75t_R)
                                         _13248_ (net)
                  7.69    0.00  312.73 v _18589_/C (OR3x1_ASAP7_75t_R)
     1    0.47    8.30   19.32  332.05 v _18589_/Y (OR3x1_ASAP7_75t_R)
                                         _13249_ (net)
                  8.30    0.00  332.05 v _18592_/A2 (AO32x1_ASAP7_75t_R)
     1    0.44    7.57   20.05  352.11 v _18592_/Y (AO32x1_ASAP7_75t_R)
                                         _13252_ (net)
                  7.57    0.00  352.11 v _18593_/C (OA211x2_ASAP7_75t_R)
     4    2.77   14.64   30.62  382.73 v _18593_/Y (OA211x2_ASAP7_75t_R)
                                         _13253_ (net)
                 14.64    0.00  382.73 v _18596_/B1 (AO221x1_ASAP7_75t_R)
     2    1.62   13.17   24.54  407.26 v _18596_/Y (AO221x1_ASAP7_75t_R)
                                         _13256_ (net)
                 13.17    0.00  407.26 v _18600_/B1 (AO221x1_ASAP7_75t_R)
     4    2.94   19.63   28.01  435.28 v _18600_/Y (AO221x1_ASAP7_75t_R)
                                         _13260_ (net)
                 19.63    0.00  435.28 v _18601_/A2 (OA211x2_ASAP7_75t_R)
     1    0.65    9.32   24.97  460.25 v _18601_/Y (OA211x2_ASAP7_75t_R)
                                         _13261_ (net)
                  9.32    0.00  460.25 v _18602_/A2 (OA21x2_ASAP7_75t_R)
     1    1.08    7.63   17.48  477.73 v _18602_/Y (OA21x2_ASAP7_75t_R)
                                         _13262_ (net)
                  7.63    0.00  477.73 v _18603_/B (XOR2x2_ASAP7_75t_R)
     1    0.65    6.85   23.17  500.91 ^ _18603_/Y (XOR2x2_ASAP7_75t_R)
                                         _13263_ (net)
                  6.85    0.00  500.91 ^ _18606_/A2 (OA21x2_ASAP7_75t_R)
     1    0.62    6.77   14.28  515.19 ^ _18606_/Y (OA21x2_ASAP7_75t_R)
                                         _02362_ (net)
                  6.77    0.00  515.19 ^ u_id.decode[50]$_DFFE_PP_/D (DFFHQNx1_ASAP7_75t_R)
                                515.19   data arrival time

                  0.00 1429.00 1429.00   clock clk (rise edge)
                          0.00 1429.00   clock network delay (ideal)
                          0.00 1429.00   clock reconvergence pessimism
                               1429.00 ^ u_id.decode[50]$_DFFE_PP_/CLK (DFFHQNx1_ASAP7_75t_R)
                        -15.08 1413.92   library setup time
                               1413.92   data required time
-----------------------------------------------------------------------------
                               1413.92   data required time
                               -515.19   data arrival time
-----------------------------------------------------------------------------
                                898.73   slack (MET)



==========================================================================
Post synthesis report_checks -unconstrained
--------------------------------------------------------------------------
Startpoint: u_if.fetch[2]$_DFFE_PP_
            (rising edge-triggered flip-flop clocked by clk)
Endpoint: u_id.decode[50]$_DFFE_PP_
          (rising edge-triggered flip-flop clocked by clk)
Path Group: clk
Path Type: max

Fanout     Cap    Slew   Delay    Time   Description
-----------------------------------------------------------------------------
                  0.00    0.00    0.00   clock clk (rise edge)
                          0.00    0.00   clock network delay (ideal)
                  0.00    0.00    0.00 ^ u_if.fetch[2]$_DFFE_PP_/CLK (DFFHQNx1_ASAP7_75t_R)
     7    4.87   37.02   47.28   47.28 ^ u_if.fetch[2]$_DFFE_PP_/QN (DFFHQNx1_ASAP7_75t_R)
                                         _01551_ (net)
                 37.02    0.00   47.28 ^ _14192_/A (INVx1_ASAP7_75t_R)
     8    4.94   31.21   24.00   71.28 v _14192_/Y (INVx1_ASAP7_75t_R)
                                         _09052_ (net)
                 31.21    0.00   71.28 v _14197_/A (OR3x1_ASAP7_75t_R)
     4    2.89   19.42   31.53  102.80 v _14197_/Y (OR3x1_ASAP7_75t_R)
                                         _09057_ (net)
                 19.42    0.00  102.80 v _14198_/B (NOR2x1_ASAP7_75t_R)
     7    4.95   33.18   21.56  124.36 ^ _14198_/Y (NOR2x1_ASAP7_75t_R)
                                         _09058_ (net)
                 33.18    0.00  124.36 ^ _14240_/A (OR2x2_ASAP7_75t_R)
     1    0.58    6.24   20.17  144.53 ^ _14240_/Y (OR2x2_ASAP7_75t_R)
                                         _09069_ (net)
                  6.24    0.00  144.53 ^ _14241_/A (BUFx2_ASAP7_75t_R)
     9    6.29   21.52   20.34  164.87 ^ _14241_/Y (BUFx2_ASAP7_75t_R)
                                         _09070_ (net)
                 21.52    0.00  164.87 ^ _14284_/A (BUFx2_ASAP7_75t_R)
    10   11.04   35.57   30.90  195.77 ^ _14284_/Y (BUFx2_ASAP7_75t_R)
                                         _09094_ (net)
                 35.57    0.00  195.77 ^ _14288_/B (NOR2x1_ASAP7_75t_R)
     1    0.63   12.42   10.22  206.00 v _14288_/Y (NOR2x1_ASAP7_75t_R)
                                         _09097_ (net)
                 12.42    0.00  206.00 v _14289_/B (AO21x1_ASAP7_75t_R)
     1    1.01    8.74   17.50  223.49 v _14289_/Y (AO21x1_ASAP7_75t_R)
                                         u_id.base[10] (net)
                  8.74    0.00  223.49 v _25730_/B (HAxp5_ASAP7_75t_R)
     7    4.66   53.18   62.46  285.95 v _25730_/SN (HAxp5_ASAP7_75t_R)
                                         _02229_ (net)
                 53.18    0.00  285.95 v _18588_/A2 (OA21x2_ASAP7_75t_R)
     1    0.65    7.69   26.78  312.73 v _18588_/Y (OA21x2_ASAP7_75t_R)
                                         _13248_ (net)
                  7.69    0.00  312.73 v _18589_/C (OR3x1_ASAP7_75t_R)
     1    0.47    8.30   19.32  332.05 v _18589_/Y (OR3x1_ASAP7_75t_R)
                                         _13249_ (net)
                  8.30    0.00  332.05 v _18592_/A2 (AO32x1_ASAP7_75t_R)
     1    0.44    7.57   20.05  352.11 v _18592_/Y (AO32x1_ASAP7_75t_R)
                                         _13252_ (net)
                  7.57    0.00  352.11 v _18593_/C (OA211x2_ASAP7_75t_R)
     4    2.77   14.64   30.62  382.73 v _18593_/Y (OA211x2_ASAP7_75t_R)
                                         _13253_ (net)
                 14.64    0.00  382.73 v _18596_/B1 (AO221x1_ASAP7_75t_R)
     2    1.62   13.17   24.54  407.26 v _18596_/Y (AO221x1_ASAP7_75t_R)
                                         _13256_ (net)
                 13.17    0.00  407.26 v _18600_/B1 (AO221x1_ASAP7_75t_R)
     4    2.94   19.63   28.01  435.28 v _18600_/Y (AO221x1_ASAP7_75t_R)
                                         _13260_ (net)
                 19.63    0.00  435.28 v _18601_/A2 (OA211x2_ASAP7_75t_R)
     1    0.65    9.32   24.97  460.25 v _18601_/Y (OA211x2_ASAP7_75t_R)
                                         _13261_ (net)
                  9.32    0.00  460.25 v _18602_/A2 (OA21x2_ASAP7_75t_R)
     1    1.08    7.63   17.48  477.73 v _18602_/Y (OA21x2_ASAP7_75t_R)
                                         _13262_ (net)
                  7.63    0.00  477.73 v _18603_/B (XOR2x2_ASAP7_75t_R)
     1    0.65    6.85   23.17  500.91 ^ _18603_/Y (XOR2x2_ASAP7_75t_R)
                                         _13263_ (net)
                  6.85    0.00  500.91 ^ _18606_/A2 (OA21x2_ASAP7_75t_R)
     1    0.62    6.77   14.28  515.19 ^ _18606_/Y (OA21x2_ASAP7_75t_R)
                                         _02362_ (net)
                  6.77    0.00  515.19 ^ u_id.decode[50]$_DFFE_PP_/D (DFFHQNx1_ASAP7_75t_R)
                                515.19   data arrival time

                  0.00 1429.00 1429.00   clock clk (rise edge)
                          0.00 1429.00   clock network delay (ideal)
                          0.00 1429.00   clock reconvergence pessimism
                               1429.00 ^ u_id.decode[50]$_DFFE_PP_/CLK (DFFHQNx1_ASAP7_75t_R)
                        -15.08 1413.92   library setup time
                               1413.92   data required time
-----------------------------------------------------------------------------
                               1413.92   data required time
                               -515.19   data arrival time
-----------------------------------------------------------------------------
                                898.73   slack (MET)



==========================================================================
Post synthesis report_power
--------------------------------------------------------------------------
Group                  Internal  Switching    Leakage      Total
                          Power      Power      Power      Power (Watts)
----------------------------------------------------------------
Sequential             2.61e-03   2.72e-04   2.59e-07   2.88e-03  47.3%
Combinational          1.79e-03   1.42e-03   9.86e-07   3.21e-03  52.7%
Clock                  0.00e+00   0.00e+00   0.00e+00   0.00e+00   0.0%
Macro                  0.00e+00   0.00e+00   0.00e+00   0.00e+00   0.0%
Pad                    0.00e+00   0.00e+00   0.00e+00   0.00e+00   0.0%
----------------------------------------------------------------
Total                  4.40e-03   1.70e-03   1.25e-06   6.09e-03 100.0%
                          72.2%      27.8%       0.0%
