
77. Printing statistics.

=== tpu ===

   Number of wires:             109943
   Number of wire bits:         110299
   Number of public wires:        2908
   Number of public wire bits:    3264
   Number of memories:               0
   Number of memory bits:            0
   Number of processes:              0
   Number of cells:             110151
     sky130_fd_sc_hd__a2111o_2     270
     sky130_fd_sc_hd__a2111oi_2     14
     sky130_fd_sc_hd__a211o_2      784
     sky130_fd_sc_hd__a211oi_2     198
     sky130_fd_sc_hd__a21bo_2      350
     sky130_fd_sc_hd__a21boi_2     154
     sky130_fd_sc_hd__a21o_2      1352
     sky130_fd_sc_hd__a21oi_2     1736
     sky130_fd_sc_hd__a221o_2     9777
     sky130_fd_sc_hd__a221oi_2     163
     sky130_fd_sc_hd__a22o_2      3897
     sky130_fd_sc_hd__a22oi_2      478
     sky130_fd_sc_hd__a2bb2o_2    1113
     sky130_fd_sc_hd__a2bb2oi_2     63
     sky130_fd_sc_hd__a311o_2      995
     sky130_fd_sc_hd__a311oi_2      34
     sky130_fd_sc_hd__a31o_2      3880
     sky130_fd_sc_hd__a31oi_2      200
     sky130_fd_sc_hd__a32o_2      6891
     sky130_fd_sc_hd__a32oi_2       73
     sky130_fd_sc_hd__a41o_2       218
     sky130_fd_sc_hd__a41oi_2       23
     sky130_fd_sc_hd__and2_2       316
     sky130_fd_sc_hd__and2b_2      152
     sky130_fd_sc_hd__and3_2      3290
     sky130_fd_sc_hd__and3b_2       83
     sky130_fd_sc_hd__and4_2       824
     sky130_fd_sc_hd__and4b_2      200
     sky130_fd_sc_hd__and4bb_2      57
     sky130_fd_sc_hd__buf_1      32915
     sky130_fd_sc_hd__buf_2          3
     sky130_fd_sc_hd__dfrtp_2     2944
     sky130_fd_sc_hd__dfxtp_2       96
     sky130_fd_sc_hd__inv_2       3547
     sky130_fd_sc_hd__mux2_2      2123
     sky130_fd_sc_hd__nand2_2     2244
     sky130_fd_sc_hd__nand2b_2      22
     sky130_fd_sc_hd__nand3_2     1197
     sky130_fd_sc_hd__nand3b_2     185
     sky130_fd_sc_hd__nand4_2     1508
     sky130_fd_sc_hd__nand4b_2      55
     sky130_fd_sc_hd__nor2_2      1168
     sky130_fd_sc_hd__nor2b_2        3
     sky130_fd_sc_hd__nor3_2       130
     sky130_fd_sc_hd__nor3b_2       41
     sky130_fd_sc_hd__nor4_2        45
     sky130_fd_sc_hd__nor4b_2        1
     sky130_fd_sc_hd__o2111a_2     180
     sky130_fd_sc_hd__o2111ai_2    450
     sky130_fd_sc_hd__o211a_2     1122
     sky130_fd_sc_hd__o211ai_2    1051
     sky130_fd_sc_hd__o21a_2       660
     sky130_fd_sc_hd__o21ai_2     4157
     sky130_fd_sc_hd__o21ba_2      136
     sky130_fd_sc_hd__o21bai_2     264
     sky130_fd_sc_hd__o221a_2     1100
     sky130_fd_sc_hd__o221ai_2     266
     sky130_fd_sc_hd__o22a_2       686
     sky130_fd_sc_hd__o22ai_2      486
     sky130_fd_sc_hd__o2bb2a_2     336
     sky130_fd_sc_hd__o2bb2ai_2    462
     sky130_fd_sc_hd__o311a_2     1468
     sky130_fd_sc_hd__o311ai_2      25
     sky130_fd_sc_hd__o31a_2      1562
     sky130_fd_sc_hd__o31ai_2       93
     sky130_fd_sc_hd__o32a_2      2899
     sky130_fd_sc_hd__o32ai_2      649
     sky130_fd_sc_hd__o41a_2       177
     sky130_fd_sc_hd__o41ai_2       13
     sky130_fd_sc_hd__or2_2        554
     sky130_fd_sc_hd__or2b_2       168
     sky130_fd_sc_hd__or3_2        395
     sky130_fd_sc_hd__or3b_2       140
     sky130_fd_sc_hd__or4_2       3883
     sky130_fd_sc_hd__or4b_2        90
     sky130_fd_sc_hd__or4bb_2       25
     sky130_fd_sc_hd__xnor2_2      446
     sky130_fd_sc_hd__xor2_2       396

   Chip area for module '\tpu': 942737.910401

